C:\Users\PLANTIUM\Documents\MCUXpressoIDE_11.8.0_1165\workspace\CSP_rt1064\CMSIS/core_cm7.h:1911:22:__NVIC_EnableIRQ	16	static
C:\Users\PLANTIUM\Documents\MCUXpressoIDE_11.8.0_1165\workspace\CSP_rt1064\drivers/fsl_common_arm.h:514:24:EnableIRQ	24	static
C:\Users\PLANTIUM\Documents\MCUXpressoIDE_11.8.0_1165\workspace\CSP_rt1064\drivers/fsl_common_arm.h:732:24:DisableGlobalIRQ	16	static
C:\Users\PLANTIUM\Documents\MCUXpressoIDE_11.8.0_1165\workspace\CSP_rt1064\drivers/fsl_common_arm.h:758:20:EnableGlobalIRQ	24	static
C:\Users\PLANTIUM\Documents\MCUXpressoIDE_11.8.0_1165\workspace\CSP_rt1064\drivers/fsl_flexcan.h:1765:20:FLEXCAN_EnableMbInterrupts	40	static
C:\Users\PLANTIUM\Documents\MCUXpressoIDE_11.8.0_1165\workspace\CSP_rt1064\drivers/fsl_pwm.h:805:20:PWM_StartTimer	16	static
../board/peripherals.c:126:13:BOARD_LPUART1_init	8	static
../board/peripherals.c:277:13:BOARD_CAN2_init	8	static
../board/peripherals.c:375:13:BOARD_ADC1_init	8	static
../board/peripherals.c:605:13:BOARD_PWM1_init	24	static
../board/peripherals.c:629:6:BOARD_InitUART	8	static
../board/peripherals.c:635:6:BOARD_InitCAN2	8	static
../board/peripherals.c:641:6:BOARD_InitADC1	8	static
../board/peripherals.c:647:6:BOARD_InitPWM	8	static
../board/peripherals.c:656:6:BOARD_InitBootPeripherals	4	static
