C:\Users\PLANTIUM\Documents\MCUXpressoIDE_11.8.0_1165\workspace\CSP_rt1064\CMSIS/core_cm7.h:1911:22:__NVIC_EnableIRQ	16	static
C:\Users\PLANTIUM\Documents\MCUXpressoIDE_11.8.0_1165\workspace\CSP_rt1064\drivers/fsl_common_arm.h:514:24:EnableIRQ	24	static
C:\Users\PLANTIUM\Documents\MCUXpressoIDE_11.8.0_1165\workspace\CSP_rt1064\drivers/fsl_common_arm.h:732:24:DisableGlobalIRQ	16	static
C:\Users\PLANTIUM\Documents\MCUXpressoIDE_11.8.0_1165\workspace\CSP_rt1064\drivers/fsl_common_arm.h:758:20:EnableGlobalIRQ	24	static
C:\Users\PLANTIUM\Documents\MCUXpressoIDE_11.8.0_1165\workspace\CSP_rt1064\drivers/fsl_flexcan.h:1765:20:FLEXCAN_EnableMbInterrupts	40	static
../board/peripherals.c:122:13:BOARD_LPUART1_init	8	static
../board/peripherals.c:273:13:BOARD_CAN2_init	8	static
../board/peripherals.c:371:13:BOARD_ADC1_init	8	static
../board/peripherals.c:381:6:BOARD_InitUART	8	static
../board/peripherals.c:387:6:BOARD_InitCAN2	8	static
../board/peripherals.c:393:6:BOARD_InitADC1	8	static
../board/peripherals.c:402:6:BOARD_InitBootPeripherals	4	static
