C:\Users\PLANTIUM\Documents\MCUXpressoIDE_11.8.0_1165\workspace\CSP_rt1064\CMSIS/core_cm7.h:1911:22:__NVIC_EnableIRQ	16	static
C:\Users\PLANTIUM\Documents\MCUXpressoIDE_11.8.0_1165\workspace\CSP_rt1064\drivers/fsl_common_arm.h:514:24:EnableIRQ	24	static
C:\Users\PLANTIUM\Documents\MCUXpressoIDE_11.8.0_1165\workspace\CSP_rt1064\drivers/fsl_gpt.h:217:20:GPT_SetClockDivider	16	static
C:\Users\PLANTIUM\Documents\MCUXpressoIDE_11.8.0_1165\workspace\CSP_rt1064\drivers/fsl_gpt.h:270:20:GPT_StartTimer	16	static
C:\Users\PLANTIUM\Documents\MCUXpressoIDE_11.8.0_1165\workspace\CSP_rt1064\drivers/fsl_gpt.h:394:20:GPT_SetOutputCompareValue	24	static
C:\Users\PLANTIUM\Documents\MCUXpressoIDE_11.8.0_1165\workspace\CSP_rt1064\drivers/fsl_gpt.h:442:20:GPT_EnableInterrupts	16	static
C:\Users\PLANTIUM\Documents\MCUXpressoIDE_11.8.0_1165\workspace\CSP_rt1064\drivers/fsl_gpt.h:496:20:GPT_ClearStatusFlags	16	static
../board/time.c:17:6:TIME_Init	32	static
../board/time.c:42:6:GPT1_IRQHandler	8	static
../board/time.c:52:10:TIME_Get	4	static
