C:\Users\PLANTIUM\Documents\MCUXpressoIDE_11.8.0_1165\workspace\CSP_rt1064\CMSIS/core_cm7.h:1911:22:__NVIC_EnableIRQ	16	static
../drivers/fsl_common_arm.h:210:20:_SDK_AtomicLocalClearAndSet4Byte	48	static
../drivers/fsl_clock.h:1497:20:CLOCK_ControlGate	32	static
../drivers/fsl_clock.h:1514:20:CLOCK_EnableClock	16	static
../drivers/fsl_clock.h:1524:20:CLOCK_DisableClock	16	static
../drivers/fsl_common_arm.h:514:24:EnableIRQ	24	static
../drivers/fsl_common_arm.h:732:24:DisableGlobalIRQ	16	static
../drivers/fsl_common_arm.h:758:20:EnableGlobalIRQ	24	static
../drivers/fsl_flexcan.h:1451:24:FLEXCAN_GetStatusFlags	16	static
../drivers/fsl_flexcan.h:1485:20:FLEXCAN_ClearStatusFlags	16	static
../drivers/fsl_flexcan.h:1524:24:FLEXCAN_GetMbStatusFlags	64	static
../drivers/fsl_flexcan.h:1569:20:FLEXCAN_ClearMbStatusFlags	24	static
../drivers/fsl_flexcan.h:1665:20:FLEXCAN_EnableInterrupts	24	static
../drivers/fsl_flexcan.h:1717:20:FLEXCAN_DisableInterrupts	24	static
../drivers/fsl_flexcan.h:1765:20:FLEXCAN_EnableMbInterrupts	40	static
../drivers/fsl_flexcan.h:1813:20:FLEXCAN_DisableMbInterrupts	40	static
../drivers/fsl_flexcan.h:1899:20:FLEXCAN_Enable	16	static
../drivers/fsl_flexcan.c:334:13:flexcan_memset	32	static
../drivers/fsl_flexcan.c:363:6:FLEXCAN_IsInstanceHasFDMode	16	static
../drivers/fsl_flexcan.c:396:10:FLEXCAN_GetInstance	24	static
../drivers/fsl_flexcan.c:422:6:FLEXCAN_EnterFreezeMode	32	static
../drivers/fsl_flexcan.c:570:6:FLEXCAN_ExitFreezeMode	16	static
../drivers/fsl_flexcan.c:598:13:FLEXCAN_IsMbOccupied	24	static
../drivers/fsl_flexcan.c:647:16:FLEXCAN_GetFirstValidMb	24	static
../drivers/fsl_flexcan.c:674:13:FLEXCAN_Reset	24	static
../drivers/fsl_flexcan.c:764:10:FLEXCAN_SetBitRate	40	static
../drivers/fsl_flexcan.c:791:10:FLEXCAN_SetFDBitRate	48	static
../drivers/fsl_flexcan.c:831:6:FLEXCAN_Init	64	static
../drivers/fsl_flexcan.c:1027:6:FLEXCAN_FDInit	56	static
../drivers/fsl_flexcan.c:1160:6:FLEXCAN_Deinit	24	static
../drivers/fsl_flexcan.c:1205:6:FLEXCAN_GetDefaultConfig	16	static
../drivers/fsl_flexcan.c:1378:6:FLEXCAN_SetTimingConfig	16	static
../drivers/fsl_flexcan.c:1457:6:FLEXCAN_SetFDTimingConfig	16	static
../drivers/fsl_flexcan.c:1504:6:FLEXCAN_SetRxMbGlobalMask	16	static
../drivers/fsl_flexcan.c:1526:6:FLEXCAN_SetRxFifoGlobalMask	16	static
../drivers/fsl_flexcan.c:1552:6:FLEXCAN_SetRxIndividualMask	24	static
../drivers/fsl_flexcan.c:1578:6:FLEXCAN_SetTxMbConfig	16	static
../drivers/fsl_flexcan.c:1612:13:FLEXCAN_GetSegments	40	static
../drivers/fsl_flexcan.c:1736:6:FLEXCAN_CalculateImprovedTimingValues	64	static
../drivers/fsl_flexcan.c:1830:17:FLEXCAN_GetFDMailboxOffset	24	static
../drivers/fsl_flexcan.c:1866:13:FLEXCAN_FDGetSegments	48	static
../drivers/fsl_flexcan.c:1964:13:FLEXCAN_CalculateImprovedNominalTimingValues	72	static
../drivers/fsl_flexcan.c:2075:6:FLEXCAN_FDCalculateImprovedTimingValues	48	static
../drivers/fsl_flexcan.c:2177:6:FLEXCAN_SetFDTxMbConfig	40	static
../drivers/fsl_flexcan.c:2242:6:FLEXCAN_SetRxMbConfig	32	static
../drivers/fsl_flexcan.c:2298:6:FLEXCAN_SetFDRxMbConfig	48	static
../drivers/fsl_flexcan.c:2364:6:FLEXCAN_SetRxFifoConfig	40	static
../drivers/fsl_flexcan.c:2560:6:FLEXCAN_EnableRxFifoDMA	16	static
../drivers/fsl_flexcan.c:2668:13:FLEXCAN_ERRATA_6032	32	static
../drivers/fsl_flexcan.c:2733:10:FLEXCAN_WriteTxMb	32	static
../drivers/fsl_flexcan.c:2810:10:FLEXCAN_WriteFDTxMb	56	static
../drivers/fsl_flexcan.c:2905:10:FLEXCAN_ReadRxMb	40	static
../drivers/fsl_flexcan.c:2986:10:FLEXCAN_ReadFDRxMb	56	static
../drivers/fsl_flexcan.c:3086:10:FLEXCAN_ReadRxFifo	24	static
../drivers/fsl_flexcan.c:3196:10:FLEXCAN_TransferSendBlocking	56	static
../drivers/fsl_flexcan.c:3256:10:FLEXCAN_TransferReceiveBlocking	48	static
../drivers/fsl_flexcan.c:3302:10:FLEXCAN_TransferFDSendBlocking	64	static
../drivers/fsl_flexcan.c:3363:10:FLEXCAN_TransferFDReceiveBlocking	48	static
../drivers/fsl_flexcan.c:3408:10:FLEXCAN_TransferReceiveFifoBlocking	24	static
../drivers/fsl_flexcan.c:3465:6:FLEXCAN_TransferCreateHandle	32	static
../drivers/fsl_flexcan.c:3550:10:FLEXCAN_TransferSendNonBlocking	48	static
../drivers/fsl_flexcan.c:3621:10:FLEXCAN_TransferReceiveNonBlocking	48	static
../drivers/fsl_flexcan.c:3681:10:FLEXCAN_TransferFDSendNonBlocking	48	static
../drivers/fsl_flexcan.c:3753:10:FLEXCAN_TransferFDReceiveNonBlocking	48	static
../drivers/fsl_flexcan.c:3812:10:FLEXCAN_TransferReceiveFifoNonBlocking	40	static
../drivers/fsl_flexcan.c:3862:10:FLEXCAN_TransferGetReceiveFifoCount	32	static
../drivers/fsl_flexcan.c:3949:6:FLEXCAN_TransferAbortSend	48	static
../drivers/fsl_flexcan.c:3995:6:FLEXCAN_TransferFDAbortSend	56	static
../drivers/fsl_flexcan.c:4045:6:FLEXCAN_TransferFDAbortReceive	40	static
../drivers/fsl_flexcan.c:4085:6:FLEXCAN_TransferAbortReceive	40	static
../drivers/fsl_flexcan.c:4123:6:FLEXCAN_TransferAbortReceiveFifo	16	static
../drivers/fsl_flexcan.c:4197:10:FLEXCAN_GetTimeStamp	16	static
../drivers/fsl_flexcan.c:4211:13:FLEXCAN_CheckUnhandleInterruptEvents	96	static
../drivers/fsl_flexcan.c:4269:17:FLEXCAN_SubHandlerForLegacyRxFIFO	40	static
../drivers/fsl_flexcan.c:4378:17:FLEXCAN_SubHandlerForMB	32	static
../drivers/fsl_flexcan.c:4474:17:FLEXCAN_SubHandlerForDataTransfered	72	static
../drivers/fsl_flexcan.c:4677:6:FLEXCAN_TransferHandleIRQ	48	static
../drivers/fsl_flexcan.c:4742:6:CAN1_DriverIRQHandler	8	static
../drivers/fsl_flexcan.c:4753:6:CAN2_DriverIRQHandler	8	static
../drivers/fsl_flexcan.c:4764:6:CAN3_DriverIRQHandler	8	static
